// Jest Snapshot v1, https://goo.gl/fbAQLP

exports[`getContentTypeQuery should add components to query 1`] = `"_id,_type, 'title': coalesce(title_en,title) ,'description': coalesce(description_en,description) ,'featuredImage': featuredImage{undefined} ,'slug': coalesce(slug_en,slug).current, "`;

exports[`getContentTypeQuery should create initial Query 1`] = `"_id,_type, title ,description ,'featuredImage': featuredImage{undefined} ,'slug': slug.current, "`;

exports[`getContentTypeQuery should create initial Query with locale 1`] = `"_id,_type, 'title': coalesce(title_en,title) ,'description': coalesce(description_en,description) ,'featuredImage': featuredImage{undefined} ,'slug': coalesce(slug_en,slug).current, "`;

exports[`getContentTypeQuery should handle on create Query 1`] = `"_id,_type, 'title': coalesce(title_en,title) ,'description': coalesce(description_en,description) ,'featuredImage': featuredImage{undefined} ,'slug': coalesce(slug_en,slug).current,  test,"`;
