// Jest Snapshot v1, https://goo.gl/fbAQLP

exports[`Sanity Adapter getUser should return user if exist 1`] = `
Object {
  "_type": "user",
  "email": "web@konradullrich.com",
  "emailVerified": 2018-02-12T09:30:00.000Z,
  "id": "testUser1",
  "name": "testName",
}
`;

exports[`Sanity Adapter getUserByEmail should return user if exist 1`] = `
Object {
  "_type": "user",
  "email": "web@konradullrich.com",
  "emailVerified": 2018-02-12T09:30:00.000Z,
  "id": "testUser1",
  "name": "testName",
}
`;

exports[`Sanity Adapter getUserByEmail should return user if exist 2`] = `
Object {
  "_type": "user",
  "email": "web@konradullrich.com",
  "emailVerified": 2018-02-12T09:30:00.000Z,
  "id": "testUser1",
  "name": "testName",
}
`;
